Watching for file changes with StatReloader
"POST /api/login/ HTTP/1.1" 200 611
"GET /api/profile/ HTTP/1.1" 200 114
"PUT /api/profile/ HTTP/1.1" 200 418
C:\Users\DELL\Documents\DjangoBackend\users\views.py changed, reloading.
Watching for file changes with StatReloader
Watching for file changes with StatReloader
Watching for file changes with StatReloader
C:\Users\DELL\Documents\DjangoBackend\users\views.py changed, reloading.
Watching for file changes with StatReloader
Watching for file changes with StatReloader
"GET /api/profile/ HTTP/1.1" 200 114
C:\Users\DELL\Documents\DjangoBackend\users\views.py changed, reloading.
Watching for file changes with StatReloader
Watching for file changes with StatReloader
Watching for file changes with StatReloader
"GET /admin/ HTTP/1.1" 302 0
"GET /admin/login/?next=/admin/ HTTP/1.1" 200 4077
"GET /static/admin/css/nav_sidebar.css HTTP/1.1" 200 2810
"GET /static/admin/js/theme.js HTTP/1.1" 200 1653
"GET /static/admin/css/base.css HTTP/1.1" 200 23100
"GET /static/admin/css/dark_mode.css HTTP/1.1" 200 3538
"GET /static/admin/js/nav_sidebar.js HTTP/1.1" 200 3063
"GET /static/admin/css/login.css HTTP/1.1" 200 951
"GET /static/admin/css/responsive.css HTTP/1.1" 200 16273
Not Found: /favicon.ico
"GET /favicon.ico HTTP/1.1" 404 2871
- Broken pipe from ('127.0.0.1', 50410)
"POST /admin/login/?next=/admin/ HTTP/1.1" 302 0
"GET /admin/ HTTP/1.1" 200 11857
"GET /static/admin/css/dashboard.css HTTP/1.1" 200 441
"GET /static/admin/img/icon-changelink.svg HTTP/1.1" 200 978
"GET /static/admin/img/icon-addlink.svg HTTP/1.1" 200 593
